This file contains any messages produced by compilers while
running configure, to aid debugging if configure makes a mistake.

It was created by gsl configure 2.8, which was
generated by GNU Autoconf 2.72.  Invocation command line was

  $ ./configure --prefix=/mingw64 --enable-shared --disable-static

## --------- ##
## Platform. ##
## --------- ##

hostname = LAPTOP-B1MURTDE
uname -m = x86_64
uname -r = 3.6.4-23a25d49.x86_64
uname -s = MINGW64_NT-10.0-26100
uname -v = 2025-07-16 16:15 UTC

/usr/bin/uname -p = unknown
/bin/uname -X     = unknown

/bin/arch              = x86_64
/usr/bin/arch -k       = unknown
/usr/convex/getsysinfo = unknown
/usr/bin/hostinfo      = unknown
/bin/machine           = unknown
/usr/bin/oslevel       = unknown
/bin/universe          = unknown

PATH: /mingw64/bin/
PATH: /usr/local/bin/
PATH: /usr/bin/
PATH: /bin/
PATH: /c/Windows/System32/
PATH: /c/Windows/
PATH: /c/Windows/System32/Wbem/
PATH: /c/Windows/System32/WindowsPowerShell/v1.0/
PATH: /usr/bin/site_perl/
PATH: /usr/bin/vendor_perl/
PATH: /usr/bin/core_perl/


## ----------- ##
## Core tests. ##
## ----------- ##

configure:2228: loading site script /etc/config.site
| # This file is in public domain.
| # Original author: Karlson2k (Evgeny Grin)
| # Written for MSys2 to help running 'configure' scripts
| 
| # Defaults for MSys2/MinGW64-targeted programs
| 
| # Set proper selfname on bash and fallback to default name on other shells
| test -n "${BASH_SOURCE}" 2>/dev/null && config_site_me="${BASH_SOURCE[0]##*/}" || config_site_me=config.site
| 
| # Set default 'host' to speedup configure
| if test -z "$build_alias"; then
|   build_alias="${MSYSTEM_CHOST}"  && \
|     ${as_echo-echo} "$config_site_me:${as_lineno-$LINENO}: default build_alias set to $build_alias" >&5
| fi
| 
| # Set default 'prefix'
| if ( test -z "$prefix" || test "x$prefix" = "xNONE" ) && \
|     ( test -z "$exec_prefix" || test "x$exec_prefix" = "xNONE" ); then
|   prefix="${MSYSTEM_PREFIX}" && \
|     ${as_echo-echo} "$config_site_me:${as_lineno-$LINENO}: default prefix set to $prefix" >&5
| fi
config.site:13: default build_alias set to x86_64-w64-mingw32
configure:2605: looking for aux files: ltmain.sh compile config.guess config.sub missing install-sh
configure:2618:  trying ./
configure:2647:   ./ltmain.sh found
configure:2647:   ./compile found
configure:2647:   ./config.guess found
configure:2647:   ./config.sub found
configure:2647:   ./missing found
configure:2629:   ./install-sh found
configure:2779: checking for a BSD-compatible install
configure:2853: result: /usr/bin/install -c
configure:2864: checking whether build environment is sane
configure:2919: result: yes
configure:3080: checking for a race-free mkdir -p
configure:3123: result: /usr/bin/mkdir -p
configure:3130: checking for gawk
configure:3151: found /usr/bin/gawk
configure:3163: result: gawk
configure:3174: checking whether make sets $(MAKE)
configure:3198: result: yes
configure:3228: checking whether make supports nested variables
configure:3247: result: yes
configure:3386: checking whether to enable maintainer-specific portions of Makefiles
configure:3397: result: no
configure:3435: checking for a sed that does not truncate output
configure:3507: result: /usr/bin/sed
configure:3519: checking whether make sets $(MAKE)
configure:3543: result: yes
configure:3559: checking build system type
configure:3575: result: x86_64-w64-mingw32
configure:3595: checking host system type
configure:3610: result: x86_64-w64-mingw32
configure:3700: checking for gcc
configure:3721: found /mingw64/bin/gcc
configure:3733: result: gcc
configure:4092: checking for C compiler version
configure:4101: gcc --version >&5
gcc.exe (Rev8, Built by MSYS2 project) 15.2.0
Copyright (C) 2025 Free Software Foundation, Inc.
This is free software; see the source for copying conditions.  There is NO
warranty; not even for MERCHANTABILITY or FITNESS FOR A PARTICULAR PURPOSE.

configure:4112: $? = 0
configure:4101: gcc -v >&5
Using built-in specs.
COLLECT_GCC=D:\msys64\mingw64\bin\gcc.exe
COLLECT_LTO_WRAPPER=D:/msys64/mingw64/bin/../lib/gcc/x86_64-w64-mingw32/15.2.0/lto-wrapper.exe
Target: x86_64-w64-mingw32
Configured with: ../gcc-15.2.0/configure --prefix=/mingw64 --with-local-prefix=/mingw64/local --with-native-system-header-dir=/mingw64/include --libexecdir=/mingw64/lib --enable-bootstrap --enable-checking=release --with-arch=nocona --with-tune=generic --enable-mingw-wildcard --enable-languages=c,lto,c++,fortran,ada,objc,obj-c++,jit --enable-shared --enable-static --enable-libatomic --enable-threads=posix --enable-graphite --enable-fully-dynamic-string --enable-libstdcxx-backtrace=yes --enable-libstdcxx-filesystem-ts --enable-libstdcxx-time --disable-libstdcxx-pch --enable-lto --enable-libgomp --disable-libssp --disable-multilib --disable-rpath --disable-win32-registry --disable-nls --disable-werror --disable-symvers --with-libiconv --with-system-zlib --with-gmp=/mingw64 --with-mpfr=/mingw64 --with-mpc=/mingw64 --with-isl=/mingw64 --with-pkgversion='Rev8, Built by MSYS2 project' --with-bugurl=https://github.com/msys2/MINGW-packages/issues --with-gnu-as --with-gnu-ld --with-libstdcxx-zoneinfo=yes --disable-libstdcxx-debug --enable-plugin --with-boot-ldflags=-static-libstdc++ --with-stage1-ldflags=-static-libstdc++
Thread model: posix
Supported LTO compression algorithms: zlib zstd
gcc version 15.2.0 (Rev8, Built by MSYS2 project) 
configure:4112: $? = 0
configure:4101: gcc -V >&5
gcc.exe: error: unrecognized command-line option '-V'
gcc.exe: fatal error: no input files
compilation terminated.
configure:4112: $? = 1
configure:4101: gcc -qversion >&5
gcc.exe: error: unrecognized command-line option '-qversion'; did you mean '--version'?
gcc.exe: fatal error: no input files
compilation terminated.
configure:4112: $? = 1
configure:4101: gcc -version >&5
gcc.exe: error: unrecognized command-line option '-version'
gcc.exe: fatal error: no input files
compilation terminated.
configure:4112: $? = 1
configure:4132: checking whether the C compiler works
configure:4154: gcc    conftest.c  >&5
configure:4158: $? = 0
configure:4209: result: yes
configure:4213: checking for C compiler default output file name
configure:4215: result: a.exe
configure:4221: checking for suffix of executables
configure:4228: gcc -o conftest.exe    conftest.c  >&5
configure:4232: $? = 0
configure:4256: result: .exe
configure:4280: checking whether we are cross compiling
configure:4288: gcc -o conftest.exe    conftest.c  >&5
configure:4292: $? = 0
configure:4299: ./conftest.exe
configure:4303: $? = 0
configure:4318: result: no
configure:4324: checking for suffix of object files
configure:4347: gcc -c   conftest.c >&5
configure:4351: $? = 0
configure:4375: result: o
configure:4379: checking whether the compiler supports GNU C
configure:4399: gcc -c   conftest.c >&5
configure:4399: $? = 0
configure:4411: result: yes
configure:4422: checking whether gcc accepts -g
configure:4443: gcc -c -g  conftest.c >&5
configure:4443: $? = 0
configure:4490: result: yes
configure:4510: checking for gcc option to enable C11 features
configure:4525: gcc  -c -g -O2  conftest.c >&5
configure:4525: $? = 0
configure:4544: result: none needed
configure:4668: checking whether gcc understands -c and -o together
configure:4691: gcc -c conftest.c -o conftest2.o
configure:4694: $? = 0
configure:4691: gcc -c conftest.c -o conftest2.o
configure:4694: $? = 0
configure:4707: result: yes
configure:4727: checking whether make supports the include directive
configure:4742: make -f confmf.GNU && cat confinc.out
this is the am__doit target
configure:4745: $? = 0
configure:4764: result: yes (GNU style)
configure:4790: checking dependency style of gcc
configure:4903: result: gcc3
configure:4923: checking how to run the C preprocessor
configure:4949: gcc -E  conftest.c
configure:4949: $? = 0
configure:4965: gcc -E  conftest.c
conftest.c:12:10: fatal error: ac_nonexistent.h: No such file or directory
   12 | #include <ac_nonexistent.h>
      |          ^~~~~~~~~~~~~~~~~~
compilation terminated.
configure:4965: $? = 1
configure: failed program was:
| /* confdefs.h */
| #define PACKAGE_NAME "gsl"
| #define PACKAGE_TARNAME "gsl"
| #define PACKAGE_VERSION "2.8"
| #define PACKAGE_STRING "gsl 2.8"
| #define PACKAGE_BUGREPORT ""
| #define PACKAGE_URL ""
| #define PACKAGE "gsl"
| #define VERSION "2.8"
| #define RELEASED /**/
| /* end confdefs.h.  */
| #include <ac_nonexistent.h>
configure:4994: result: gcc -E
configure:5008: gcc -E  conftest.c
configure:5008: $? = 0
configure:5024: gcc -E  conftest.c
conftest.c:12:10: fatal error: ac_nonexistent.h: No such file or directory
   12 | #include <ac_nonexistent.h>
      |          ^~~~~~~~~~~~~~~~~~
compilation terminated.
configure:5024: $? = 1
configure: failed program was:
| /* confdefs.h */
| #define PACKAGE_NAME "gsl"
| #define PACKAGE_TARNAME "gsl"
| #define PACKAGE_VERSION "2.8"
| #define PACKAGE_STRING "gsl 2.8"
| #define PACKAGE_BUGREPORT ""
| #define PACKAGE_URL ""
| #define PACKAGE "gsl"
| #define VERSION "2.8"
| #define RELEASED /**/
| /* end confdefs.h.  */
| #include <ac_nonexistent.h>
configure:5057: checking whether ln -s works
configure:5064: result: no, using cp -pR
configure:5115: checking how to print strings
configure:5142: result: printf
configure:5163: checking for a sed that does not truncate output
configure:5235: result: /usr/bin/sed
configure:5253: checking for grep that handles long lines and -e
configure:5319: result: /usr/bin/grep
configure:5324: checking for egrep
configure:5394: result: /usr/bin/grep -E
configure:5401: checking for fgrep
configure:5471: result: /usr/bin/grep -F
configure:5508: checking for ld used by gcc
configure:5577: result: D:/msys64/mingw64/x86_64-w64-mingw32/bin/ld.exe
configure:5584: checking if the linker (D:/msys64/mingw64/x86_64-w64-mingw32/bin/ld.exe) is GNU ld
configure:5601: result: yes
configure:5613: checking for BSD- or MS-compatible name lister (nm)
configure:5669: result: /mingw64/bin/nm -B
configure:5811: checking the name lister (/mingw64/bin/nm -B) interface
configure:5819: gcc -c -g -O2  conftest.c >&5
configure:5822: /mingw64/bin/nm -B "conftest.o"
configure:5825: output
0000000000000000 b .bss
0000000000000000 d .data
0000000000000000 N .debug_abbrev
0000000000000000 N .debug_aranges
0000000000000000 N .debug_info
0000000000000000 N .debug_line
0000000000000000 N .debug_line_str
0000000000000000 r .rdata$zzz
0000000000000000 t .text
0000000000000000 B some_variable
configure:5833: result: BSD nm
configure:5837: checking the maximum length of command line arguments
configure:5970: result: 8192
configure:6018: checking how to convert x86_64-w64-mingw32 file names to x86_64-w64-mingw32 format
configure:6060: result: func_convert_file_msys_to_w32
configure:6067: checking how to convert x86_64-w64-mingw32 file names to toolchain format
configure:6089: result: func_convert_file_msys_to_w32
configure:6096: checking for D:/msys64/mingw64/x86_64-w64-mingw32/bin/ld.exe option to reload object files
configure:6105: result: -r
configure:6185: checking for file
configure:6206: found /usr/bin/file
configure:6218: result: file
configure:6295: checking for objdump
configure:6316: found /mingw64/bin/objdump
configure:6328: result: objdump
configure:6357: checking how to recognize dependent libraries
configure:6559: result: file_magic ^x86 archive import|^x86 DLL
configure:6650: checking for dlltool
configure:6671: found /mingw64/bin/dlltool
configure:6683: result: dlltool
configure:6713: checking how to associate runtime and link libraries
configure:6742: result: func_cygming_dll_for_implib
configure:6809: checking for ar
configure:6830: found /mingw64/bin/ar
configure:6842: result: ar
configure:6895: checking for archiver @FILE support
configure:6913: gcc -c -g -O2  conftest.c >&5
configure:6913: $? = 0
configure:6917: ar cr libconftest.a @conftest.lst >&5
configure:6920: $? = 0
configure:6925: ar cr libconftest.a @conftest.lst >&5
D:\msys64\mingw64\bin\ar.exe: conftest.o: No such file or directory
configure:6928: $? = 1
configure:6941: result: @
configure:7005: checking for strip
configure:7026: found /mingw64/bin/strip
configure:7038: result: strip
configure:7116: checking for ranlib
configure:7137: found /mingw64/bin/ranlib
configure:7149: result: ranlib
configure:7251: checking command to parse /mingw64/bin/nm -B output from gcc object
configure:7405: gcc -c -g -O2  conftest.c >&5
configure:7408: $? = 0
configure:7412: /mingw64/bin/nm -B conftest.o \| /usr/bin/sed -n -e 's/^.*[ ]\([ABCDGIRSTW][ABCDGIRSTW]*\)[ ][ ]*\([_A-Za-z][_A-Za-z0-9]*\)\{0,1\}$/\1 \2 \2/p' | /usr/bin/sed '/ __gnu_lto/d' \> conftest.nm
configure:7415: $? = 0
configure:7481: gcc -o conftest.exe -g -O2   conftest.c conftstm.o >&5
configure:7484: $? = 0
configure:7523: result: ok
configure:7570: checking for sysroot
configure:7602: result: no
configure:7609: checking for a working dd
configure:7654: result: /usr/bin/dd
configure:7658: checking how to truncate binary pipes
configure:7675: result: /usr/bin/dd bs=4096 count=1
configure:8015: checking for mt
configure:8051: result: no
configure:8071: checking if : is a manifest tool
configure:8078: : '-?'
configure:8087: result: no
configure:8826: checking for stdio.h
configure:8826: gcc -c -g -O2  conftest.c >&5
configure:8826: $? = 0
configure:8826: result: yes
configure:8826: checking for stdlib.h
configure:8826: gcc -c -g -O2  conftest.c >&5
configure:8826: $? = 0
configure:8826: result: yes
configure:8826: checking for string.h
configure:8826: gcc -c -g -O2  conftest.c >&5
configure:8826: $? = 0
configure:8826: result: yes
configure:8826: checking for inttypes.h
configure:8826: gcc -c -g -O2  conftest.c >&5
configure:8826: $? = 0
configure:8826: result: yes
configure:8826: checking for stdint.h
configure:8826: gcc -c -g -O2  conftest.c >&5
configure:8826: $? = 0
configure:8826: result: yes
configure:8826: checking for strings.h
configure:8826: gcc -c -g -O2  conftest.c >&5
configure:8826: $? = 0
configure:8826: result: yes
configure:8826: checking for sys/stat.h
configure:8826: gcc -c -g -O2  conftest.c >&5
configure:8826: $? = 0
configure:8826: result: yes
configure:8826: checking for sys/types.h
configure:8826: gcc -c -g -O2  conftest.c >&5
configure:8826: $? = 0
configure:8826: result: yes
configure:8826: checking for unistd.h
configure:8826: gcc -c -g -O2  conftest.c >&5
configure:8826: $? = 0
configure:8826: result: yes
configure:8851: checking for dlfcn.h
configure:8851: gcc -c -g -O2  conftest.c >&5
conftest.c:51:10: fatal error: dlfcn.h: No such file or directory
   51 | #include <dlfcn.h>
      |          ^~~~~~~~~
compilation terminated.
configure:8851: $? = 1
configure: failed program was:
| /* confdefs.h */
| #define PACKAGE_NAME "gsl"
| #define PACKAGE_TARNAME "gsl"
| #define PACKAGE_VERSION "2.8"
| #define PACKAGE_STRING "gsl 2.8"
| #define PACKAGE_BUGREPORT ""
| #define PACKAGE_URL ""
| #define PACKAGE "gsl"
| #define VERSION "2.8"
| #define RELEASED /**/
| #define HAVE_STDIO_H 1
| #define HAVE_STDLIB_H 1
| #define HAVE_STRING_H 1
| #define HAVE_INTTYPES_H 1
| #define HAVE_STDINT_H 1
| #define HAVE_STRINGS_H 1
| #define HAVE_SYS_STAT_H 1
| #define HAVE_SYS_TYPES_H 1
| #define HAVE_UNISTD_H 1
| #define STDC_HEADERS 1
| /* end confdefs.h.  */
| #include <stddef.h>
| #ifdef HAVE_STDIO_H
| # include <stdio.h>
| #endif
| #ifdef HAVE_STDLIB_H
| # include <stdlib.h>
| #endif
| #ifdef HAVE_STRING_H
| # include <string.h>
| #endif
| #ifdef HAVE_INTTYPES_H
| # include <inttypes.h>
| #endif
| #ifdef HAVE_STDINT_H
| # include <stdint.h>
| #endif
| #ifdef HAVE_STRINGS_H
| # include <strings.h>
| #endif
| #ifdef HAVE_SYS_TYPES_H
| # include <sys/types.h>
| #endif
| #ifdef HAVE_SYS_STAT_H
| # include <sys/stat.h>
| #endif
| #ifdef HAVE_UNISTD_H
| # include <unistd.h>
| #endif
| 
| #include <dlfcn.h>
configure:8851: result: no
configure:8917: checking for as
configure:8938: found /mingw64/bin/as
configure:8950: result: as
configure:9021: checking for dlltool
configure:9054: result: dlltool
configure:9125: checking for objdump
configure:9158: result: objdump
configure:9450: checking for objdir
configure:9467: result: .libs
configure:9729: checking if gcc supports -fno-rtti -fno-exceptions
configure:9748: gcc -c -g -O2  -fno-rtti -fno-exceptions conftest.c >&5
cc1.exe: warning: command-line option '-fno-rtti' is valid for C++/D/ObjC++ but not for C
configure:9752: $? = 0
configure:9766: result: no
configure:10124: checking for gcc option to produce PIC
configure:10133: result: -DDLL_EXPORT -DPIC
configure:10141: checking if gcc PIC flag -DDLL_EXPORT -DPIC works
configure:10160: gcc -c -g -O2  -DDLL_EXPORT -DPIC -DPIC conftest.c >&5
configure:10164: $? = 0
configure:10178: result: yes
configure:10207: checking if gcc static flag -static works
configure:10237: result: yes
configure:10252: checking if gcc supports -c -o file.o
configure:10274: gcc -c -g -O2  -o out/conftest2.o conftest.c >&5
configure:10278: $? = 0
configure:10301: result: yes
configure:10309: checking if gcc supports -c -o file.o
configure:10358: result: yes
configure:10391: checking whether the gcc linker (D:/msys64/mingw64/x86_64-w64-mingw32/bin/ld.exe) supports shared libraries
configure:11664: result: yes
configure:11701: checking whether -lc should be explicitly linked in
configure:11710: gcc -c -g -O2  conftest.c >&5
configure:11713: $? = 0
configure:11728: gcc -shared conftest.o  -v -o ./conftest -Wl,--enable-auto-image-base -Xlinker --out-implib -Xlinker conftest 2\>\&1 \| /usr/bin/grep  -lc  \>/dev/null 2\>\&1
configure:11731: $? = 1
configure:11746: result: yes
configure:11906: checking dynamic linker characteristics
configure:12728: result: Win32 ld.exe
configure:12850: checking how to hardcode library paths into programs
configure:12875: result: immediate
configure:13475: checking whether stripping libraries is possible
configure:13484: result: yes
configure:13526: checking if libtool supports shared libraries
configure:13528: result: yes
configure:13531: checking whether to build shared libraries
configure:13556: result: yes
configure:13559: checking whether to build static libraries
configure:13563: result: no
configure:13601: checking for size_t
configure:13601: gcc -c -g -O2  conftest.c >&5
configure:13601: $? = 0
configure:13601: gcc -c -g -O2  conftest.c >&5
conftest.c: In function 'main':
conftest.c:54:21: error: expected expression before ')' token
   54 | if (sizeof ((size_t)))
      |                     ^
configure:13601: $? = 1
configure: failed program was:
| /* confdefs.h */
| #define PACKAGE_NAME "gsl"
| #define PACKAGE_TARNAME "gsl"
| #define PACKAGE_VERSION "2.8"
| #define PACKAGE_STRING "gsl 2.8"
| #define PACKAGE_BUGREPORT ""
| #define PACKAGE_URL ""
| #define PACKAGE "gsl"
| #define VERSION "2.8"
| #define RELEASED /**/
| #define HAVE_STDIO_H 1
| #define HAVE_STDLIB_H 1
| #define HAVE_STRING_H 1
| #define HAVE_INTTYPES_H 1
| #define HAVE_STDINT_H 1
| #define HAVE_STRINGS_H 1
| #define HAVE_SYS_STAT_H 1
| #define HAVE_SYS_TYPES_H 1
| #define HAVE_UNISTD_H 1
| #define STDC_HEADERS 1
| #define LT_OBJDIR ".libs/"
| /* end confdefs.h.  */
| #include <stddef.h>
| #ifdef HAVE_STDIO_H
| # include <stdio.h>
| #endif
| #ifdef HAVE_STDLIB_H
| # include <stdlib.h>
| #endif
| #ifdef HAVE_STRING_H
| # include <string.h>
| #endif
| #ifdef HAVE_INTTYPES_H
| # include <inttypes.h>
| #endif
| #ifdef HAVE_STDINT_H
| # include <stdint.h>
| #endif
| #ifdef HAVE_STRINGS_H
| # include <strings.h>
| #endif
| #ifdef HAVE_SYS_TYPES_H
| # include <sys/types.h>
| #endif
| #ifdef HAVE_SYS_STAT_H
| # include <sys/stat.h>
| #endif
| #ifdef HAVE_UNISTD_H
| # include <unistd.h>
| #endif
| int
| main (void)
| {
| if (sizeof ((size_t)))
| 	    return 0;
|   ;
|   return 0;
| }
configure:13601: result: yes
configure:13612: checking for working volatile
configure:13632: gcc -c -g -O2  conftest.c >&5
configure:13632: $? = 0
configure:13642: result: yes
configure:13650: checking for inline
configure:13667: gcc -c -g -O2  conftest.c >&5
configure:13667: $? = 0
configure:13677: result: inline
configure:13695: checking whether char is unsigned
configure:13715: gcc -c -g -O2  conftest.c >&5
configure:13715: $? = 0
configure:13725: result: no
configure:13839: checking for cos in -lm
configure:13868: gcc -o conftest.exe -g -O2   conftest.c -lm   >&5
conftest.c:33:6: warning: conflicting types for built-in function 'cos'; expected 'double(double)' [-Wbuiltin-declaration-mismatch]
   33 | char cos (void);
      |      ^~~
conftest.c:1:1: note: 'cos' is declared in header '<math.h>'
    1 | /* confdefs.h */
configure:13868: $? = 0
configure:13880: result: yes
configure:13898: checking for GNU-style extern inline
configure:13918: gcc -c -g -O2  conftest.c >&5
conftest.c:25:11: error: redefinition of 'foo'
   25 |    double foo (double x) { return x + 1.0 ; };
      |           ^~~
conftest.c:24:25: note: previous definition of 'foo' with type 'double(double)'
   24 |    extern inline double foo(double x) { return x + 1.0 ; } ;
      |                         ^~~
configure:13918: $? = 1
configure: failed program was:
| /* confdefs.h */
| #define PACKAGE_NAME "gsl"
| #define PACKAGE_TARNAME "gsl"
| #define PACKAGE_VERSION "2.8"
| #define PACKAGE_STRING "gsl 2.8"
| #define PACKAGE_BUGREPORT ""
| #define PACKAGE_URL ""
| #define PACKAGE "gsl"
| #define VERSION "2.8"
| #define RELEASED /**/
| #define HAVE_STDIO_H 1
| #define HAVE_STDLIB_H 1
| #define HAVE_STRING_H 1
| #define HAVE_INTTYPES_H 1
| #define HAVE_STDINT_H 1
| #define HAVE_STRINGS_H 1
| #define HAVE_SYS_STAT_H 1
| #define HAVE_SYS_TYPES_H 1
| #define HAVE_UNISTD_H 1
| #define STDC_HEADERS 1
| #define LT_OBJDIR ".libs/"
| /* end confdefs.h.  */
| extern inline double foo(double x);
|    extern inline double foo(double x) { return x + 1.0 ; } ;
|    double foo (double x) { return x + 1.0 ; };
| int
| main (void)
| {
|   foo(1.0)
|   ;
|   return 0;
| }
configure:13926: result: no
configure:13934: checking for C99-style inline
configure:13952: gcc -c -g -O2  conftest.c >&5
configure:13952: $? = 0
configure:13969: gcc -c -g -O2  conftest.c >&5
configure:13969: $? = 0
configure:13981: result: yes
configure:13994: checking for ieeefp.h
configure:13994: gcc -c -g -O2  conftest.c >&5
configure:13994: $? = 0
configure:13994: result: yes
configure:14001: checking for complex.h
configure:14001: gcc -c -g -O2  conftest.c >&5
configure:14001: $? = 0
configure:14001: result: yes
configure:14029: checking for vprintf
configure:14029: gcc -o conftest.exe -g -O2   conftest.c  >&5
conftest.c:43:6: warning: conflicting types for built-in function 'vprintf'; expected 'int(const char *, char *)' [-Wbuiltin-declaration-mismatch]
   43 | char vprintf (void);
      |      ^~~~~~~
conftest.c:35:1: note: 'vprintf' is declared in header '<stdio.h>'
   34 | #include <limits.h>
   35 | #undef vprintf
configure:14029: $? = 0
configure:14029: result: yes
configure:14051: checking for memcpy
configure:14051: gcc -o conftest.exe -g -O2   conftest.c  >&5
conftest.c:44:6: warning: conflicting types for built-in function 'memcpy'; expected 'void *(void *, const void *, long long unsigned int)' [-Wbuiltin-declaration-mismatch]
   44 | char memcpy (void);
      |      ^~~~~~
conftest.c:36:1: note: 'memcpy' is declared in header '<string.h>'
   35 | #include <limits.h>
   36 | #undef memcpy
configure:14051: $? = 0
configure:14051: result: yes
configure:14065: checking for memmove
configure:14065: gcc -o conftest.exe -g -O2   conftest.c  >&5
conftest.c:45:6: warning: conflicting types for built-in function 'memmove'; expected 'void *(void *, const void *, long long unsigned int)' [-Wbuiltin-declaration-mismatch]
   45 | char memmove (void);
      |      ^~~~~~~
conftest.c:37:1: note: 'memmove' is declared in header '<string.h>'
   36 | #include <limits.h>
   37 | #undef memmove
configure:14065: $? = 0
configure:14065: result: yes
configure:14079: checking for strdup
configure:14079: gcc -o conftest.exe -g -O2   conftest.c  >&5
conftest.c:46:6: warning: conflicting types for built-in function 'strdup'; expected 'char *(const char *)' [-Wbuiltin-declaration-mismatch]
   46 | char strdup (void);
      |      ^~~~~~
configure:14079: $? = 0
configure:14079: result: yes
configure:14093: checking for strtol
configure:14093: gcc -o conftest.exe -g -O2   conftest.c  >&5
configure:14093: $? = 0
configure:14093: result: yes
configure:14107: checking for strtoul
configure:14107: gcc -o conftest.exe -g -O2   conftest.c  >&5
configure:14107: $? = 0
configure:14107: result: yes
configure:14123: checking for EXIT_SUCCESS and EXIT_FAILURE
configure:14130: checking for egrep -e
configure:14260: result: /usr/bin/grep -E
configure:14286: result: yes
configure:14297: checking for cos in -lm
configure:14338: result: yes
configure:14350: checking for gcc options needed to detect all undeclared functions
configure:14372: gcc -c -g -O2   conftest.c >&5
conftest.c: In function 'main':
conftest.c:39:8: error: 'strchr' undeclared (first use in this function)
   39 | (void) strchr;
      |        ^~~~~~
conftest.c:1:1: note: 'strchr' is defined in header '<string.h>'; this is probably fixable by adding '#include <string.h>'
    1 | /* confdefs.h */
conftest.c:39:8: note: each undeclared identifier is reported only once for each function it appears in
   39 | (void) strchr;
      |        ^~~~~~
configure:14372: $? = 1
configure: failed program was:
| /* confdefs.h */
| #define PACKAGE_NAME "gsl"
| #define PACKAGE_TARNAME "gsl"
| #define PACKAGE_VERSION "2.8"
| #define PACKAGE_STRING "gsl 2.8"
| #define PACKAGE_BUGREPORT ""
| #define PACKAGE_URL ""
| #define PACKAGE "gsl"
| #define VERSION "2.8"
| #define RELEASED /**/
| #define HAVE_STDIO_H 1
| #define HAVE_STDLIB_H 1
| #define HAVE_STRING_H 1
| #define HAVE_INTTYPES_H 1
| #define HAVE_STDINT_H 1
| #define HAVE_STRINGS_H 1
| #define HAVE_SYS_STAT_H 1
| #define HAVE_SYS_TYPES_H 1
| #define HAVE_UNISTD_H 1
| #define STDC_HEADERS 1
| #define LT_OBJDIR ".libs/"
| #define HAVE_INLINE 1
| #define HAVE_C99_INLINE 1
| #define HAVE_IEEEFP_H 1
| #define HAVE_COMPLEX_H 1
| #define HAVE_VPRINTF 1
| #define HAVE_MEMCPY 1
| #define HAVE_MEMMOVE 1
| #define HAVE_STRDUP 1
| #define HAVE_STRTOL 1
| #define HAVE_STRTOUL 1
| #define HAVE_EXIT_SUCCESS_AND_FAILURE 1
| #define HAVE_LIBM 1
| /* end confdefs.h.  */
| 
| int
| main (void)
| {
| (void) strchr;
|   ;
|   return 0;
| }
configure:14399: gcc -c -g -O2   conftest.c >&5
configure:14399: $? = 0
configure:14419: result: none needed
configure:14433: checking whether feenableexcept is declared
configure:14433: gcc -c -g -O2   conftest.c >&5
conftest.c: In function 'main':
conftest.c:45:10: error: 'feenableexcept' undeclared (first use in this function); did you mean 'feraiseexcept'?
   45 |   (void) feenableexcept;
      |          ^~~~~~~~~~~~~~
      |          feraiseexcept
conftest.c:45:10: note: each undeclared identifier is reported only once for each function it appears in
configure:14433: $? = 1
configure: failed program was:
| /* confdefs.h */
| #define PACKAGE_NAME "gsl"
| #define PACKAGE_TARNAME "gsl"
| #define PACKAGE_VERSION "2.8"
| #define PACKAGE_STRING "gsl 2.8"
| #define PACKAGE_BUGREPORT ""
| #define PACKAGE_URL ""
| #define PACKAGE "gsl"
| #define VERSION "2.8"
| #define RELEASED /**/
| #define HAVE_STDIO_H 1
| #define HAVE_STDLIB_H 1
| #define HAVE_STRING_H 1
| #define HAVE_INTTYPES_H 1
| #define HAVE_STDINT_H 1
| #define HAVE_STRINGS_H 1
| #define HAVE_SYS_STAT_H 1
| #define HAVE_SYS_TYPES_H 1
| #define HAVE_UNISTD_H 1
| #define STDC_HEADERS 1
| #define LT_OBJDIR ".libs/"
| #define HAVE_INLINE 1
| #define HAVE_C99_INLINE 1
| #define HAVE_IEEEFP_H 1
| #define HAVE_COMPLEX_H 1
| #define HAVE_VPRINTF 1
| #define HAVE_MEMCPY 1
| #define HAVE_MEMMOVE 1
| #define HAVE_STRDUP 1
| #define HAVE_STRTOL 1
| #define HAVE_STRTOUL 1
| #define HAVE_EXIT_SUCCESS_AND_FAILURE 1
| #define HAVE_LIBM 1
| /* end confdefs.h.  */
| #define _GNU_SOURCE 1
| #include <fenv.h>
| 
| int
| main (void)
| {
| #ifndef feenableexcept
| #ifdef __cplusplus
|   (void) feenableexcept;
| #else
|   (void) feenableexcept;
| #endif
| #endif
| 
|   ;
|   return 0;
| }
configure:14433: result: no
configure:14445: checking whether fesettrapenable is declared
configure:14445: gcc -c -g -O2   conftest.c >&5
conftest.c: In function 'main':
conftest.c:46:10: error: 'fesettrapenable' undeclared (first use in this function)
   46 |   (void) fesettrapenable;
      |          ^~~~~~~~~~~~~~~
conftest.c:46:10: note: each undeclared identifier is reported only once for each function it appears in
configure:14445: $? = 1
configure: failed program was:
| /* confdefs.h */
| #define PACKAGE_NAME "gsl"
| #define PACKAGE_TARNAME "gsl"
| #define PACKAGE_VERSION "2.8"
| #define PACKAGE_STRING "gsl 2.8"
| #define PACKAGE_BUGREPORT ""
| #define PACKAGE_URL ""
| #define PACKAGE "gsl"
| #define VERSION "2.8"
| #define RELEASED /**/
| #define HAVE_STDIO_H 1
| #define HAVE_STDLIB_H 1
| #define HAVE_STRING_H 1
| #define HAVE_INTTYPES_H 1
| #define HAVE_STDINT_H 1
| #define HAVE_STRINGS_H 1
| #define HAVE_SYS_STAT_H 1
| #define HAVE_SYS_TYPES_H 1
| #define HAVE_UNISTD_H 1
| #define STDC_HEADERS 1
| #define LT_OBJDIR ".libs/"
| #define HAVE_INLINE 1
| #define HAVE_C99_INLINE 1
| #define HAVE_IEEEFP_H 1
| #define HAVE_COMPLEX_H 1
| #define HAVE_VPRINTF 1
| #define HAVE_MEMCPY 1
| #define HAVE_MEMMOVE 1
| #define HAVE_STRDUP 1
| #define HAVE_STRTOL 1
| #define HAVE_STRTOUL 1
| #define HAVE_EXIT_SUCCESS_AND_FAILURE 1
| #define HAVE_LIBM 1
| #define HAVE_DECL_FEENABLEEXCEPT 0
| /* end confdefs.h.  */
| #define _GNU_SOURCE 1
| #include <fenv.h>
| 
| int
| main (void)
| {
| #ifndef fesettrapenable
| #ifdef __cplusplus
|   (void) fesettrapenable;
| #else
|   (void) fesettrapenable;
| #endif
| #endif
| 
|   ;
|   return 0;
| }
configure:14445: result: no
configure:14457: checking whether hypot is declared
configure:14457: gcc -c -g -O2   conftest.c >&5
configure:14457: $? = 0
configure:14457: result: yes
configure:14468: checking whether expm1 is declared
configure:14468: gcc -c -g -O2   conftest.c >&5
configure:14468: $? = 0
configure:14468: result: yes
configure:14479: checking whether acosh is declared
configure:14479: gcc -c -g -O2   conftest.c >&5
configure:14479: $? = 0
configure:14479: result: yes
configure:14490: checking whether asinh is declared
configure:14490: gcc -c -g -O2   conftest.c >&5
configure:14490: $? = 0
configure:14490: result: yes
configure:14501: checking whether atanh is declared
configure:14501: gcc -c -g -O2   conftest.c >&5
configure:14501: $? = 0
configure:14501: result: yes
configure:14512: checking whether ldexp is declared
configure:14512: gcc -c -g -O2   conftest.c >&5
configure:14512: $? = 0
configure:14512: result: yes
configure:14523: checking whether frexp is declared
configure:14523: gcc -c -g -O2   conftest.c >&5
configure:14523: $? = 0
configure:14523: result: yes
configure:14534: checking whether fprnd_t is declared
configure:14534: gcc -c -g -O2   conftest.c >&5
conftest.c: In function 'main':
conftest.c:53:10: error: 'fprnd_t' undeclared (first use in this function)
   53 |   (void) fprnd_t;
      |          ^~~~~~~
conftest.c:53:10: note: each undeclared identifier is reported only once for each function it appears in
configure:14534: $? = 1
configure: failed program was:
| /* confdefs.h */
| #define PACKAGE_NAME "gsl"
| #define PACKAGE_TARNAME "gsl"
| #define PACKAGE_VERSION "2.8"
| #define PACKAGE_STRING "gsl 2.8"
| #define PACKAGE_BUGREPORT ""
| #define PACKAGE_URL ""
| #define PACKAGE "gsl"
| #define VERSION "2.8"
| #define RELEASED /**/
| #define HAVE_STDIO_H 1
| #define HAVE_STDLIB_H 1
| #define HAVE_STRING_H 1
| #define HAVE_INTTYPES_H 1
| #define HAVE_STDINT_H 1
| #define HAVE_STRINGS_H 1
| #define HAVE_SYS_STAT_H 1
| #define HAVE_SYS_TYPES_H 1
| #define HAVE_UNISTD_H 1
| #define STDC_HEADERS 1
| #define LT_OBJDIR ".libs/"
| #define HAVE_INLINE 1
| #define HAVE_C99_INLINE 1
| #define HAVE_IEEEFP_H 1
| #define HAVE_COMPLEX_H 1
| #define HAVE_VPRINTF 1
| #define HAVE_MEMCPY 1
| #define HAVE_MEMMOVE 1
| #define HAVE_STRDUP 1
| #define HAVE_STRTOL 1
| #define HAVE_STRTOUL 1
| #define HAVE_EXIT_SUCCESS_AND_FAILURE 1
| #define HAVE_LIBM 1
| #define HAVE_DECL_FEENABLEEXCEPT 0
| #define HAVE_DECL_FESETTRAPENABLE 0
| #define HAVE_DECL_HYPOT 1
| #define HAVE_DECL_EXPM1 1
| #define HAVE_DECL_ACOSH 1
| #define HAVE_DECL_ASINH 1
| #define HAVE_DECL_ATANH 1
| #define HAVE_DECL_LDEXP 1
| #define HAVE_DECL_FREXP 1
| /* end confdefs.h.  */
| #include <float.h>
| 
| int
| main (void)
| {
| #ifndef fprnd_t
| #ifdef __cplusplus
|   (void) fprnd_t;
| #else
|   (void) fprnd_t;
| #endif
| #endif
| 
|   ;
|   return 0;
| }
configure:14534: result: no
configure:14545: checking whether isinf is declared
configure:14545: gcc -c -g -O2   conftest.c >&5
configure:14545: $? = 0
configure:14545: result: yes
configure:14556: checking whether isfinite is declared
configure:14556: gcc -c -g -O2   conftest.c >&5
configure:14556: $? = 0
configure:14556: result: yes
configure:14567: checking whether finite is declared
configure:14567: gcc -c -g -O2   conftest.c >&5
configure:14567: $? = 0
configure:14567: result: yes
configure:14581: checking whether isnan is declared
configure:14581: gcc -c -g -O2   conftest.c >&5
configure:14581: $? = 0
configure:14581: result: yes
configure:14599: checking whether log1p is declared
configure:14599: gcc -c -g -O2   conftest.c >&5
configure:14599: $? = 0
configure:14599: result: yes
configure:14613: checking for long double stdio
configure:14636: gcc -o conftest.exe -g -O2   conftest.c -lm  >&5
configure:14636: $? = 0
configure:14636: ./conftest.exe
1.234
configure:14636: $? = 0
configure:14650: result: yes
configure:14659: checking for extended floating point registers
configure:14694: result: yes
configure:14703: checking for IEEE arithmetic interface type
configure:14768: result: unknown
configure:14908: checking for IEEE compiler flags
configure:14951: result: none
configure:14960: checking for IEEE comparisons
configure:14983: gcc -o conftest.exe -g -O2   conftest.c -lm  >&5
configure:14983: $? = 0
configure:14983: ./conftest.exe
configure:14983: $? = 0
configure:14998: result: yes
configure:15007: checking for IEEE denormalized values
configure:15031: gcc -o conftest.exe -g -O2   conftest.c -lm  >&5
configure:15031: $? = 0
configure:15031: ./conftest.exe
configure:15031: $? = 0
configure:15046: result: yes
configure:15177: checking that generated files are newer than configure
configure:15183: result: done
configure:15210: creating ./config.status

## ---------------------- ##
## Running config.status. ##
## ---------------------- ##

This file was extended by gsl config.status 2.8, which was
generated by GNU Autoconf 2.72.  Invocation command line was

  CONFIG_FILES    = 
  CONFIG_HEADERS  = 
  CONFIG_LINKS    = 
  CONFIG_COMMANDS = 
  $ ./config.status 

on LAPTOP-B1MURTDE

config.status:1226: creating Makefile
config.status:1226: creating gsl_version.h
config.status:1226: creating gsl.spec
config.status:1226: creating blas/Makefile
config.status:1226: creating block/Makefile
config.status:1226: creating bspline/Makefile
config.status:1226: creating bst/Makefile
config.status:1226: creating cblas/Makefile
config.status:1226: creating cdf/Makefile
config.status:1226: creating cheb/Makefile
config.status:1226: creating combination/Makefile
config.status:1226: creating complex/Makefile
config.status:1226: creating const/Makefile
config.status:1226: creating deriv/Makefile
config.status:1226: creating dht/Makefile
config.status:1226: creating diff/Makefile
config.status:1226: creating doc/Makefile
config.status:1226: creating doc/examples/Makefile
config.status:1226: creating eigen/Makefile
config.status:1226: creating err/Makefile
config.status:1226: creating fft/Makefile
config.status:1226: creating filter/Makefile
config.status:1226: creating fit/Makefile
config.status:1226: creating gsl/Makefile
config.status:1226: creating histogram/Makefile
config.status:1226: creating ieee-utils/Makefile
config.status:1226: creating integration/Makefile
config.status:1226: creating interpolation/Makefile
config.status:1226: creating linalg/Makefile
config.status:1226: creating matrix/Makefile
config.status:1226: creating min/Makefile
config.status:1226: creating monte/Makefile
config.status:1226: creating movstat/Makefile
config.status:1226: creating multifit/Makefile
config.status:1226: creating multifit_nlinear/Makefile
config.status:1226: creating multilarge/Makefile
config.status:1226: creating multilarge_nlinear/Makefile
config.status:1226: creating multimin/Makefile
config.status:1226: creating multiroots/Makefile
config.status:1226: creating multiset/Makefile
config.status:1226: creating ntuple/Makefile
config.status:1226: creating ode-initval/Makefile
config.status:1226: creating ode-initval2/Makefile
config.status:1226: creating permutation/Makefile
config.status:1226: creating poly/Makefile
config.status:1226: creating qrng/Makefile
config.status:1226: creating randist/Makefile
config.status:1226: creating rng/Makefile
config.status:1226: creating roots/Makefile
config.status:1226: creating rstat/Makefile
config.status:1226: creating siman/Makefile
config.status:1226: creating sort/Makefile
config.status:1226: creating spblas/Makefile
config.status:1226: creating splinalg/Makefile
config.status:1226: creating spmatrix/Makefile
config.status:1226: creating specfunc/Makefile
config.status:1226: creating statistics/Makefile
config.status:1226: creating sum/Makefile
config.status:1226: creating sys/Makefile
config.status:1226: creating test/Makefile
config.status:1226: creating utils/Makefile
config.status:1226: creating vector/Makefile
config.status:1226: creating wavelet/Makefile
config.status:1226: creating config.h
config.status:1407: config.h is unchanged
config.status:1455: executing depfiles commands
config.status:1532: cd .       && sed -e '/# am--include-marker/d' Makefile         | make -f - am--depfiles
make: Nothing to be done for 'am--depfiles'.
config.status:1537: $? = 0
config.status:1532: cd blas       && sed -e '/# am--include-marker/d' Makefile         | make -f - am--depfiles
make: Nothing to be done for 'am--depfiles'.
config.status:1537: $? = 0
config.status:1532: cd block       && sed -e '/# am--include-marker/d' Makefile         | make -f - am--depfiles
make: Nothing to be done for 'am--depfiles'.
config.status:1537: $? = 0
config.status:1532: cd bspline       && sed -e '/# am--include-marker/d' Makefile         | make -f - am--depfiles
make: Nothing to be done for 'am--depfiles'.
config.status:1537: $? = 0
config.status:1532: cd bst       && sed -e '/# am--include-marker/d' Makefile         | make -f - am--depfiles
make: Nothing to be done for 'am--depfiles'.
config.status:1537: $? = 0
config.status:1532: cd cblas       && sed -e '/# am--include-marker/d' Makefile         | make -f - am--depfiles
make: Nothing to be done for 'am--depfiles'.
config.status:1537: $? = 0
config.status:1532: cd cdf       && sed -e '/# am--include-marker/d' Makefile         | make -f - am--depfiles
make: Nothing to be done for 'am--depfiles'.
config.status:1537: $? = 0
config.status:1532: cd cheb       && sed -e '/# am--include-marker/d' Makefile         | make -f - am--depfiles
make: Nothing to be done for 'am--depfiles'.
config.status:1537: $? = 0
config.status:1532: cd combination       && sed -e '/# am--include-marker/d' Makefile         | make -f - am--depfiles
make: Nothing to be done for 'am--depfiles'.
config.status:1537: $? = 0
config.status:1532: cd complex       && sed -e '/# am--include-marker/d' Makefile         | make -f - am--depfiles
make: Nothing to be done for 'am--depfiles'.
config.status:1537: $? = 0
config.status:1532: cd const       && sed -e '/# am--include-marker/d' Makefile         | make -f - am--depfiles
make: Nothing to be done for 'am--depfiles'.
config.status:1537: $? = 0
config.status:1532: cd deriv       && sed -e '/# am--include-marker/d' Makefile         | make -f - am--depfiles
make: Nothing to be done for 'am--depfiles'.
config.status:1537: $? = 0
config.status:1532: cd dht       && sed -e '/# am--include-marker/d' Makefile         | make -f - am--depfiles
make: Nothing to be done for 'am--depfiles'.
config.status:1537: $? = 0
config.status:1532: cd diff       && sed -e '/# am--include-marker/d' Makefile         | make -f - am--depfiles
make: Nothing to be done for 'am--depfiles'.
config.status:1537: $? = 0
config.status:1532: cd doc/examples       && sed -e '/# am--include-marker/d' Makefile         | make -f - am--depfiles
make: Nothing to be done for 'am--depfiles'.
config.status:1537: $? = 0
config.status:1532: cd eigen       && sed -e '/# am--include-marker/d' Makefile         | make -f - am--depfiles
make: Nothing to be done for 'am--depfiles'.
config.status:1537: $? = 0
config.status:1532: cd err       && sed -e '/# am--include-marker/d' Makefile         | make -f - am--depfiles
make: Nothing to be done for 'am--depfiles'.
config.status:1537: $? = 0
config.status:1532: cd fft       && sed -e '/# am--include-marker/d' Makefile         | make -f - am--depfiles
make: Nothing to be done for 'am--depfiles'.
config.status:1537: $? = 0
config.status:1532: cd filter       && sed -e '/# am--include-marker/d' Makefile         | make -f - am--depfiles
make: Nothing to be done for 'am--depfiles'.
config.status:1537: $? = 0
config.status:1532: cd fit       && sed -e '/# am--include-marker/d' Makefile         | make -f - am--depfiles
make: Nothing to be done for 'am--depfiles'.
config.status:1537: $? = 0
config.status:1532: cd histogram       && sed -e '/# am--include-marker/d' Makefile         | make -f - am--depfiles
make: Nothing to be done for 'am--depfiles'.
config.status:1537: $? = 0
config.status:1532: cd ieee-utils       && sed -e '/# am--include-marker/d' Makefile         | make -f - am--depfiles
make: Nothing to be done for 'am--depfiles'.
config.status:1537: $? = 0
config.status:1532: cd integration       && sed -e '/# am--include-marker/d' Makefile         | make -f - am--depfiles
make: Nothing to be done for 'am--depfiles'.
config.status:1537: $? = 0
config.status:1532: cd interpolation       && sed -e '/# am--include-marker/d' Makefile         | make -f - am--depfiles
make: Nothing to be done for 'am--depfiles'.
config.status:1537: $? = 0
config.status:1532: cd linalg       && sed -e '/# am--include-marker/d' Makefile         | make -f - am--depfiles
make: Nothing to be done for 'am--depfiles'.
config.status:1537: $? = 0
config.status:1532: cd matrix       && sed -e '/# am--include-marker/d' Makefile         | make -f - am--depfiles
make: Nothing to be done for 'am--depfiles'.
config.status:1537: $? = 0
config.status:1532: cd min       && sed -e '/# am--include-marker/d' Makefile         | make -f - am--depfiles
make: Nothing to be done for 'am--depfiles'.
config.status:1537: $? = 0
config.status:1532: cd monte       && sed -e '/# am--include-marker/d' Makefile         | make -f - am--depfiles
make: Nothing to be done for 'am--depfiles'.
config.status:1537: $? = 0
config.status:1532: cd movstat       && sed -e '/# am--include-marker/d' Makefile         | make -f - am--depfiles
make: Nothing to be done for 'am--depfiles'.
config.status:1537: $? = 0
config.status:1532: cd multifit       && sed -e '/# am--include-marker/d' Makefile         | make -f - am--depfiles
make: Nothing to be done for 'am--depfiles'.
config.status:1537: $? = 0
config.status:1532: cd multifit_nlinear       && sed -e '/# am--include-marker/d' Makefile         | make -f - am--depfiles
make: Nothing to be done for 'am--depfiles'.
config.status:1537: $? = 0
config.status:1532: cd multilarge       && sed -e '/# am--include-marker/d' Makefile         | make -f - am--depfiles
make: Nothing to be done for 'am--depfiles'.
config.status:1537: $? = 0
config.status:1532: cd multilarge_nlinear       && sed -e '/# am--include-marker/d' Makefile         | make -f - am--depfiles
make: Nothing to be done for 'am--depfiles'.
config.status:1537: $? = 0
config.status:1532: cd multimin       && sed -e '/# am--include-marker/d' Makefile         | make -f - am--depfiles
make: Nothing to be done for 'am--depfiles'.
config.status:1537: $? = 0
config.status:1532: cd multiroots       && sed -e '/# am--include-marker/d' Makefile         | make -f - am--depfiles
make: Nothing to be done for 'am--depfiles'.
config.status:1537: $? = 0
config.status:1532: cd multiset       && sed -e '/# am--include-marker/d' Makefile         | make -f - am--depfiles
make: Nothing to be done for 'am--depfiles'.
config.status:1537: $? = 0
config.status:1532: cd ntuple       && sed -e '/# am--include-marker/d' Makefile         | make -f - am--depfiles
make: Nothing to be done for 'am--depfiles'.
config.status:1537: $? = 0
config.status:1532: cd ode-initval       && sed -e '/# am--include-marker/d' Makefile         | make -f - am--depfiles
make: Nothing to be done for 'am--depfiles'.
config.status:1537: $? = 0
config.status:1532: cd ode-initval2       && sed -e '/# am--include-marker/d' Makefile         | make -f - am--depfiles
make: Nothing to be done for 'am--depfiles'.
config.status:1537: $? = 0
config.status:1532: cd permutation       && sed -e '/# am--include-marker/d' Makefile         | make -f - am--depfiles
make: Nothing to be done for 'am--depfiles'.
config.status:1537: $? = 0
config.status:1532: cd poly       && sed -e '/# am--include-marker/d' Makefile         | make -f - am--depfiles
make: Nothing to be done for 'am--depfiles'.
config.status:1537: $? = 0
config.status:1532: cd qrng       && sed -e '/# am--include-marker/d' Makefile         | make -f - am--depfiles
make: Nothing to be done for 'am--depfiles'.
config.status:1537: $? = 0
config.status:1532: cd randist       && sed -e '/# am--include-marker/d' Makefile         | make -f - am--depfiles
make: Nothing to be done for 'am--depfiles'.
config.status:1537: $? = 0
config.status:1532: cd rng       && sed -e '/# am--include-marker/d' Makefile         | make -f - am--depfiles
make: Nothing to be done for 'am--depfiles'.
config.status:1537: $? = 0
config.status:1532: cd roots       && sed -e '/# am--include-marker/d' Makefile         | make -f - am--depfiles
make: Nothing to be done for 'am--depfiles'.
config.status:1537: $? = 0
config.status:1532: cd rstat       && sed -e '/# am--include-marker/d' Makefile         | make -f - am--depfiles
make: Nothing to be done for 'am--depfiles'.
config.status:1537: $? = 0
config.status:1532: cd siman       && sed -e '/# am--include-marker/d' Makefile         | make -f - am--depfiles
make: Nothing to be done for 'am--depfiles'.
config.status:1537: $? = 0
config.status:1532: cd sort       && sed -e '/# am--include-marker/d' Makefile         | make -f - am--depfiles
make: Nothing to be done for 'am--depfiles'.
config.status:1537: $? = 0
config.status:1532: cd spblas       && sed -e '/# am--include-marker/d' Makefile         | make -f - am--depfiles
make: Nothing to be done for 'am--depfiles'.
config.status:1537: $? = 0
config.status:1532: cd splinalg       && sed -e '/# am--include-marker/d' Makefile         | make -f - am--depfiles
make: Nothing to be done for 'am--depfiles'.
config.status:1537: $? = 0
config.status:1532: cd spmatrix       && sed -e '/# am--include-marker/d' Makefile         | make -f - am--depfiles
make: Nothing to be done for 'am--depfiles'.
config.status:1537: $? = 0
config.status:1532: cd specfunc       && sed -e '/# am--include-marker/d' Makefile         | make -f - am--depfiles
make: Nothing to be done for 'am--depfiles'.
config.status:1537: $? = 0
config.status:1532: cd statistics       && sed -e '/# am--include-marker/d' Makefile         | make -f - am--depfiles
make: Nothing to be done for 'am--depfiles'.
config.status:1537: $? = 0
config.status:1532: cd sum       && sed -e '/# am--include-marker/d' Makefile         | make -f - am--depfiles
make: Nothing to be done for 'am--depfiles'.
config.status:1537: $? = 0
config.status:1532: cd sys       && sed -e '/# am--include-marker/d' Makefile         | make -f - am--depfiles
make: Nothing to be done for 'am--depfiles'.
config.status:1537: $? = 0
config.status:1532: cd test       && sed -e '/# am--include-marker/d' Makefile         | make -f - am--depfiles
make: Nothing to be done for 'am--depfiles'.
config.status:1537: $? = 0
config.status:1532: cd utils       && sed -e '/# am--include-marker/d' Makefile         | make -f - am--depfiles
make: Nothing to be done for 'am--depfiles'.
config.status:1537: $? = 0
config.status:1532: cd vector       && sed -e '/# am--include-marker/d' Makefile         | make -f - am--depfiles
make: Nothing to be done for 'am--depfiles'.
config.status:1537: $? = 0
config.status:1532: cd wavelet       && sed -e '/# am--include-marker/d' Makefile         | make -f - am--depfiles
make: Nothing to be done for 'am--depfiles'.
config.status:1537: $? = 0
config.status:1455: executing libtool commands

## ---------------- ##
## Cache variables. ##
## ---------------- ##

ac_cv_build=x86_64-w64-mingw32
ac_cv_c_c99inline=yes
ac_cv_c_char_unsigned=no
ac_cv_c_compiler_gnu=yes
ac_cv_c_extended_fp=yes
ac_cv_c_extern_inline=no
ac_cv_c_ieee_comparisons=yes
ac_cv_c_ieee_denormals=yes
ac_cv_c_ieee_flags=none
ac_cv_c_ieee_interface=unknown
ac_cv_c_inline=inline
ac_cv_c_undeclared_builtin_options='none needed'
ac_cv_c_volatile=yes
ac_cv_decl_exit_success_and_failure=yes
ac_cv_env_CC_set=
ac_cv_env_CC_value=
ac_cv_env_CFLAGS_set=
ac_cv_env_CFLAGS_value=
ac_cv_env_CPPFLAGS_set=
ac_cv_env_CPPFLAGS_value=
ac_cv_env_CPP_set=
ac_cv_env_CPP_value=
ac_cv_env_LDFLAGS_set=
ac_cv_env_LDFLAGS_value=
ac_cv_env_LIBS_set=
ac_cv_env_LIBS_value=
ac_cv_env_LT_SYS_LIBRARY_PATH_set=
ac_cv_env_LT_SYS_LIBRARY_PATH_value=
ac_cv_env_build_alias_set=
ac_cv_env_build_alias_value=
ac_cv_env_host_alias_set=
ac_cv_env_host_alias_value=
ac_cv_env_target_alias_set=
ac_cv_env_target_alias_value=
ac_cv_exeext=.exe
ac_cv_func_memcpy=yes
ac_cv_func_memmove=yes
ac_cv_func_printf_longdouble=yes
ac_cv_func_strdup=yes
ac_cv_func_strtol=yes
ac_cv_func_strtoul=yes
ac_cv_func_vprintf=yes
ac_cv_have_decl_acosh=yes
ac_cv_have_decl_asinh=yes
ac_cv_have_decl_atanh=yes
ac_cv_have_decl_expm1=yes
ac_cv_have_decl_feenableexcept=no
ac_cv_have_decl_fesettrapenable=no
ac_cv_have_decl_finite=yes
ac_cv_have_decl_fprnd_t=no
ac_cv_have_decl_frexp=yes
ac_cv_have_decl_hypot=yes
ac_cv_have_decl_isfinite=yes
ac_cv_have_decl_isinf=yes
ac_cv_have_decl_isnan=yes
ac_cv_have_decl_ldexp=yes
ac_cv_have_decl_log1p=yes
ac_cv_header_complex_h=yes
ac_cv_header_dlfcn_h=no
ac_cv_header_ieeefp_h=yes
ac_cv_header_inttypes_h=yes
ac_cv_header_stdint_h=yes
ac_cv_header_stdio_h=yes
ac_cv_header_stdlib_h=yes
ac_cv_header_string_h=yes
ac_cv_header_strings_h=yes
ac_cv_header_sys_stat_h=yes
ac_cv_header_sys_types_h=yes
ac_cv_header_unistd_h=yes
ac_cv_host=x86_64-w64-mingw32
ac_cv_lib_m_cos=yes
ac_cv_objext=o
ac_cv_path_EGREP='/usr/bin/grep -E'
ac_cv_path_EGREP_TRADITIONAL='/usr/bin/grep -E'
ac_cv_path_FGREP='/usr/bin/grep -F'
ac_cv_path_GREP=/usr/bin/grep
ac_cv_path_SED=/usr/bin/sed
ac_cv_path_install='/usr/bin/install -c'
ac_cv_path_lt_DD=/usr/bin/dd
ac_cv_path_mkdir=/usr/bin/mkdir
ac_cv_prog_AWK=gawk
ac_cv_prog_CPP='gcc -E'
ac_cv_prog_ac_ct_AR=ar
ac_cv_prog_ac_ct_AS=as
ac_cv_prog_ac_ct_CC=gcc
ac_cv_prog_ac_ct_DLLTOOL=dlltool
ac_cv_prog_ac_ct_FILECMD=file
ac_cv_prog_ac_ct_OBJDUMP=objdump
ac_cv_prog_ac_ct_RANLIB=ranlib
ac_cv_prog_ac_ct_STRIP=strip
ac_cv_prog_cc_c11=
ac_cv_prog_cc_g=yes
ac_cv_prog_cc_stdc=
ac_cv_prog_make_make_set=yes
ac_cv_type_size_t=yes
am_cv_CC_dependencies_compiler_type=gcc3
am_cv_make_support_nested_variables=yes
am_cv_prog_cc_c_o=yes
lt_cv_ar_at_file=@
lt_cv_archive_cmds_need_lc=yes
lt_cv_deplibs_check_method='file_magic ^x86 archive import|^x86 DLL'
lt_cv_file_magic_cmd=func_win32_libid
lt_cv_file_magic_test_file=
lt_cv_ld_reload_flag=-r
lt_cv_nm_interface='BSD nm'
lt_cv_objdir=.libs
lt_cv_path_LD=D:/msys64/mingw64/x86_64-w64-mingw32/bin/ld.exe
lt_cv_path_NM='/mingw64/bin/nm -B'
lt_cv_path_mainfest_tool=no
lt_cv_prog_compiler_c_o=yes
lt_cv_prog_compiler_pic='-DDLL_EXPORT -DPIC'
lt_cv_prog_compiler_pic_works=yes
lt_cv_prog_compiler_rtti_exceptions=no
lt_cv_prog_compiler_static_works=yes
lt_cv_prog_gnu_ld=yes
lt_cv_sharedlib_from_linklib_cmd=func_cygming_dll_for_implib
lt_cv_sys_global_symbol_pipe='/usr/bin/sed -n -e '\''s/^.*[	 ]\([ABCDGIRSTW][ABCDGIRSTW]*\)[	 ][	 ]*\([_A-Za-z][_A-Za-z0-9]*\)\{0,1\}$/\1 \2 \2/p'\'' | /usr/bin/sed '\''/ __gnu_lto/d'\'''
lt_cv_sys_global_symbol_to_c_name_address='/usr/bin/sed -n -e '\''s/^: \(.*\) .*$/  {"\1", (void *) 0},/p'\'' -e '\''s/^[ABCDGIRSTW][ABCDGIRSTW]* .* \(.*\)$/  {"\1", (void *) \&\1},/p'\'''
lt_cv_sys_global_symbol_to_c_name_address_lib_prefix='/usr/bin/sed -n -e '\''s/^: \(.*\) .*$/  {"\1", (void *) 0},/p'\'' -e '\''s/^[ABCDGIRSTW][ABCDGIRSTW]* .* \(lib.*\)$/  {"\1", (void *) \&\1},/p'\'' -e '\''s/^[ABCDGIRSTW][ABCDGIRSTW]* .* \(.*\)$/  {"lib\1", (void *) \&\1},/p'\'''
lt_cv_sys_global_symbol_to_cdecl='/usr/bin/sed -n -e '\''s/^T .* \(.*\)$/extern int \1();/p'\'' -e '\''s/^[ABCDGIRSTW][ABCDGIRSTW]* .* \(.*\)$/extern char \1;/p'\'''
lt_cv_sys_global_symbol_to_import=
lt_cv_sys_max_cmd_len=8192
lt_cv_to_host_file_cmd=func_convert_file_msys_to_w32
lt_cv_to_tool_file_cmd=func_convert_file_msys_to_w32
lt_cv_truncate_bin='/usr/bin/dd bs=4096 count=1'

## ----------------- ##
## Output variables. ##
## ----------------- ##

ACLOCAL='${SHELL} '\''/d/crosspl/gsl-latest/gsl-2.8/missing'\'' aclocal-1.16'
AMDEPBACKSLASH='\'
AMDEP_FALSE='#'
AMDEP_TRUE=''
AMTAR='$${TAR-tar}'
AM_BACKSLASH='\'
AM_DEFAULT_V='$(AM_DEFAULT_VERBOSITY)'
AM_DEFAULT_VERBOSITY='1'
AM_V='$(V)'
AR='ar'
AS='as'
AUTOCONF='${SHELL} '\''/d/crosspl/gsl-latest/gsl-2.8/missing'\'' autoconf'
AUTOHEADER='${SHELL} '\''/d/crosspl/gsl-latest/gsl-2.8/missing'\'' autoheader'
AUTOMAKE='${SHELL} '\''/d/crosspl/gsl-latest/gsl-2.8/missing'\'' automake-1.16'
AWK='gawk'
CC='gcc'
CCDEPMODE='depmode=gcc3'
CFLAGS='-g -O2'
CPP='gcc -E'
CPPFLAGS=''
CSCOPE='cscope'
CTAGS='ctags'
CYGPATH_W='cygpath -w'
DEFS='-DHAVE_CONFIG_H'
DEPDIR='.deps'
DLLTOOL='dlltool'
DSYMUTIL=''
DUMPBIN=''
ECHO_C=''
ECHO_N='-n'
ECHO_T=''
EGREP='/usr/bin/grep -E'
ETAGS='etags'
EXEEXT='.exe'
FGREP='/usr/bin/grep -F'
FILECMD='file'
GREP='/usr/bin/grep'
GSLCBLAS_LDFLAGS=' -no-undefined'
GSL_CFLAGS='-I${prefix}/include'
GSL_LDFLAGS=' -no-undefined'
GSL_LIBADD='cblas/libgslcblas.la'
GSL_LIBM='-lm'
GSL_LIBS='-L${exec_prefix}/lib -lgsl'
GSL_LT_CBLAS_VERSION='0:0:0'
GSL_LT_VERSION='28:0:0'
GSL_MAJOR_VERSION='2'
GSL_MINOR_VERSION='8'
HAVE_AIX_IEEE_INTERFACE=''
HAVE_DARWIN86_IEEE_INTERFACE=''
HAVE_DARWIN_IEEE_INTERFACE=''
HAVE_FREEBSD_IEEE_INTERFACE=''
HAVE_GNUM68K_IEEE_INTERFACE=''
HAVE_GNUPPC_IEEE_INTERFACE=''
HAVE_GNUSPARC_IEEE_INTERFACE=''
HAVE_GNUX86_IEEE_INTERFACE=''
HAVE_HPUX11_IEEE_INTERFACE=''
HAVE_HPUX_IEEE_INTERFACE=''
HAVE_IRIX_IEEE_INTERFACE=''
HAVE_NETBSD_IEEE_INTERFACE=''
HAVE_OPENBSD_IEEE_INTERFACE=''
HAVE_OS2EMX_IEEE_INTERFACE=''
HAVE_SOLARIS_IEEE_INTERFACE=''
HAVE_SUNOS4_IEEE_INTERFACE=''
HAVE_TRU64_IEEE_INTERFACE=''
INSTALL_DATA='${INSTALL} -m 644'
INSTALL_PROGRAM='${INSTALL}'
INSTALL_SCRIPT='${INSTALL}'
INSTALL_STRIP_PROGRAM='$(install_sh) -c -s'
LD='D:/msys64/mingw64/x86_64-w64-mingw32/bin/ld.exe'
LDFLAGS=''
LIBM='-lm'
LIBOBJS=''
LIBS='-lm '
LIBTOOL='$(SHELL) $(top_builddir)/libtool'
LIPO=''
LN_S='cp -pR'
LTLIBOBJS=''
LT_SYS_LIBRARY_PATH=''
MAINT='#'
MAINTAINER_MODE_FALSE=''
MAINTAINER_MODE_TRUE='#'
MAKEINFO='${SHELL} '\''/d/crosspl/gsl-latest/gsl-2.8/missing'\'' makeinfo'
MANIFEST_TOOL=':'
MKDIR_P='/usr/bin/mkdir -p'
NM='/mingw64/bin/nm -B'
NMEDIT=''
OBJDUMP='objdump'
OBJEXT='o'
OTOOL64=''
OTOOL=''
PACKAGE='gsl'
PACKAGE_BUGREPORT=''
PACKAGE_NAME='gsl'
PACKAGE_STRING='gsl 2.8'
PACKAGE_TARNAME='gsl'
PACKAGE_URL=''
PACKAGE_VERSION='2.8'
PATH_SEPARATOR=':'
RANLIB='ranlib'
SED='/usr/bin/sed'
SET_MAKE=''
SHELL='/bin/sh'
STRIP='strip'
VERSION='2.8'
ac_ct_AR='ar'
ac_ct_CC='gcc'
ac_ct_DUMPBIN=''
am__EXEEXT_FALSE='#'
am__EXEEXT_TRUE=''
am__fastdepCC_FALSE='#'
am__fastdepCC_TRUE=''
am__include='include'
am__isrc=''
am__leading_dot='.'
am__nodep='_no'
am__quote=''
am__tar='$${TAR-tar} chof - "$$tardir"'
am__untar='$${TAR-tar} xf -'
bindir='${exec_prefix}/bin'
build='x86_64-w64-mingw32'
build_alias='x86_64-w64-mingw32'
build_cpu='x86_64'
build_os='mingw32'
build_vendor='w64'
datadir='${datarootdir}'
datarootdir='${prefix}/share'
docdir='${datarootdir}/doc/${PACKAGE_TARNAME}'
dvidir='${docdir}'
exec_prefix='${prefix}'
host='x86_64-w64-mingw32'
host_alias=''
host_cpu='x86_64'
host_os='mingw32'
host_vendor='w64'
htmldir='${docdir}'
includedir='${prefix}/include'
infodir='${datarootdir}/info'
install_sh='${SHELL} /d/crosspl/gsl-latest/gsl-2.8/install-sh'
libdir='${exec_prefix}/lib'
libexecdir='${exec_prefix}/libexec'
localedir='${datarootdir}/locale'
localstatedir='${prefix}/var'
mandir='${datarootdir}/man'
mkdir_p='$(MKDIR_P)'
oldincludedir='/usr/include'
pdfdir='${docdir}'
prefix='/mingw64'
program_transform_name='s,x,x,'
psdir='${docdir}'
runstatedir='${localstatedir}/run'
sbindir='${exec_prefix}/sbin'
sharedstatedir='${prefix}/com'
sysconfdir='${prefix}/etc'
target_alias=''

## ----------- ##
## confdefs.h. ##
## ----------- ##

/* confdefs.h */
#define PACKAGE_NAME "gsl"
#define PACKAGE_TARNAME "gsl"
#define PACKAGE_VERSION "2.8"
#define PACKAGE_STRING "gsl 2.8"
#define PACKAGE_BUGREPORT ""
#define PACKAGE_URL ""
#define PACKAGE "gsl"
#define VERSION "2.8"
#define RELEASED /**/
#define HAVE_STDIO_H 1
#define HAVE_STDLIB_H 1
#define HAVE_STRING_H 1
#define HAVE_INTTYPES_H 1
#define HAVE_STDINT_H 1
#define HAVE_STRINGS_H 1
#define HAVE_SYS_STAT_H 1
#define HAVE_SYS_TYPES_H 1
#define HAVE_UNISTD_H 1
#define STDC_HEADERS 1
#define LT_OBJDIR ".libs/"
#define HAVE_INLINE 1
#define HAVE_C99_INLINE 1
#define HAVE_IEEEFP_H 1
#define HAVE_COMPLEX_H 1
#define HAVE_VPRINTF 1
#define HAVE_MEMCPY 1
#define HAVE_MEMMOVE 1
#define HAVE_STRDUP 1
#define HAVE_STRTOL 1
#define HAVE_STRTOUL 1
#define HAVE_EXIT_SUCCESS_AND_FAILURE 1
#define HAVE_LIBM 1
#define HAVE_DECL_FEENABLEEXCEPT 0
#define HAVE_DECL_FESETTRAPENABLE 0
#define HAVE_DECL_HYPOT 1
#define HAVE_DECL_EXPM1 1
#define HAVE_DECL_ACOSH 1
#define HAVE_DECL_ASINH 1
#define HAVE_DECL_ATANH 1
#define HAVE_DECL_LDEXP 1
#define HAVE_DECL_FREXP 1
#define HAVE_DECL_FPRND_T 0
#define HAVE_DECL_ISINF 1
#define HAVE_DECL_ISFINITE 1
#define HAVE_DECL_FINITE 1
#define HAVE_DECL_ISNAN 1
#define HAVE_DECL_LOG1P 1
#define HAVE_PRINTF_LONGDOUBLE 1
#define HAVE_EXTENDED_PRECISION_REGISTERS 1
#define HAVE_UNKNOWN_IEEE_INTERFACE 1
#define HAVE_IEEE_COMPARISONS 1
#define HAVE_IEEE_DENORMALS 1

configure: exit 0
